A baseline reply: 'EOL\n\x00'
B hp 677: spectral='' compids=''
B hp 5447: spectral='' compids=''
B hp 9640: spectral='' compids='A'
B hp 3092: spectral='' compids=''
B hp 3031: spectral='' compids=''
B hp 3693: spectral='' compids=''
B hp 4463: spectral='' compids=''
B hp 1366: spectral='' compids=''
B hp 116631: spectral='' compids=''
B hp 116805: spectral='' compids=''
B hp 116584: spectral='' compids=''
B hp 4436: spectral='' compids=''
B hp 3881: spectral='' compids=''
B hp 6411: spectral='' compids=''
B hp 113726: spectral=None compids='B'
B hp 2912: spectral='' compids=''
B hp 1686: spectral='' compids=''
B hp 1473: spectral='' compids=''
B hp 7818: spectral='' compids=''
B hp 7513: spectral='' compids=''
B hp 5434: spectral='' compids='A'
B hp 7719: spectral='' compids=''
B hp 117221: spectral='' compids='A'
B hp 6813: spectral='' compids=''
C screenshot exists: True
D per-frame lines added: 4392 over 30.5 s
E shutdown requested
