>> flag experimental_path on
>> date jday 2461233.5
>> timerate rate 0
>> moveto lat 48.85 lon 2.35 alt 100 duration 0
>> body action dual_dump filename /tmp/spine_base.json
predicted AoI [AU]: Earth 4.3576e-02  Sun 525.9  SolarSystem 578.5  MilkyWay 4.096e+11
>> camera action free_mode state on
>> moveto altitude 4563218657 duration 0
>> body action dual_dump filename /tmp/spine_e_in.json
>> moveto altitude 9778325694 duration 0
>> body action dual_dump filename /tmp/spine_e_out.json
>> moveto altitude 70805534133550 duration 0
>> body action dual_dump filename /tmp/spine_sun_in.json
>> moveto altitude 82606456489142 duration 0
>> body action dual_dump filename /tmp/spine_sun_out.json
>> moveto altitude 103848116729207 duration 0
>> body action dual_dump filename /tmp/spine_sys_out.json
>> body action screenshot filename /tmp/spine_mw.jpg
>> moveto altitude 73530345406464000000000 duration 0
>> body action dual_dump filename /tmp/spine_mw_out.json
>> body action screenshot filename /tmp/spine_uni.jpg
>> moveto altitude 3259441898 duration 0
>> body action dual_dump filename /tmp/spine_descend.json
>> moveto altitude 73530345406464000000000 duration 0
>> body action dual_dump filename /tmp/spine_mw_out2.json
>> moveto altitude 3259441898 duration 0
>> body action dual_dump filename /tmp/spine_descend2.json
>> camera action free_mode state off
>> body action dual_dump filename /tmp/spine_unfree.json
>> moveto altitude 82606456489142 duration 0
>> body action dual_dump filename /tmp/spine_anchor_high.json
>> set home_planet Mars
>> moveto lat 10 lon 30 alt 100 duration 0
>> body action dual_dump filename /tmp/spine_mars.json
>> set home_planet Earth
OK  e_in         ref=Earth        dist=4.2636e-05 free=True
OK  e_out        ref=Sun          dist=4.2636e-05 free=True
OK  sun_in       ref=Sun          dist=4.2636e-05 free=True
OK  sun_out      ref=SolarSystem  dist=4.2636e-05 free=True
OK  sys_out      ref=MilkyWay     dist=4.2636e-05 free=True
OK  mw_out       ref=Universe     dist=4.2636e-05 free=True
OK  descend      ref=Sun          dist=4.2636e-05 free=True
OK  mw_out2      ref=Universe     dist=4.2636e-05 free=True
OK  descend2     ref=Sun          dist=4.2636e-05 free=True
OK  unfree       ref=Sun          dist=2.1788e-02 free=False
OK  anchor_high  ref=Sun          dist=5.5219e+02 free=False
OK  mars         ref=Mars         dist=2.2708e-05 free=False
OK  mars landing dist 2.270821e-05 vs Rmars+100m
