A baseline reply: 'EOL\n\x00'
B hp 677: spectral='B9p' compids=''
B hp 5447: spectral='M0IIIvar' compids=''
B hp 9640: spectral='B8V' compids='A'
B hp 3092: spectral='K3III...' compids=''
B hp 3031: spectral='G5III...' compids=''
B hp 3693: spectral='K1II' compids=''
B hp 4463: spectral='G8III-IV' compids=''
B hp 1366: spectral='A2V' compids=''
B hp 116631: spectral='B8V' compids=''
B hp 116805: spectral='B9IVn' compids=''
B hp 116584: spectral='G8III-IV' compids=''
B hp 4436: spectral='A5V' compids=''
B hp 3881: spectral='B5V_SB' compids=''
B hp 6411: spectral='K0III-IV' compids=''
B hp 113726: spectral=None compids='B'
B hp 2912: spectral='B5V' compids=''
B hp 1686: spectral='F5III' compids=''
B hp 1473: spectral='A2V' compids=''
B hp 7818: spectral='B8III' compids=''
B hp 7513: spectral='F8V' compids=''
B hp 5434: spectral='B7III' compids='A'
B hp 7719: spectral='G8III...' compids=''
B hp 117221: spectral='G5Ib' compids='A'
B hp 6813: spectral='F5IV' compids=''
C screenshot exists: True
D per-frame lines added: 0 over 30.5 s
E shutdown requested
