A baseline reply: 'EOL\n\x00'
B hp 677: spectral=None compids=''
B hp 5447: spectral=None compids=''
B hp 9640: spectral=None compids='A'
B hp 3092: spectral=None compids=''
B hp 3031: spectral=None compids=''
B hp 3693: spectral=None compids=''
B hp 4463: spectral=None compids=''
B hp 1366: spectral=None compids=''
B hp 116631: spectral=None compids=''
B hp 116805: spectral=None compids=''
B hp 116584: spectral=None compids=''
B hp 4436: spectral=None compids=''
B hp 3881: spectral=None compids=''
B hp 6411: spectral=None compids=''
B hp 113726: spectral=None compids='B'
B hp 2912: spectral=None compids=''
B hp 1686: spectral=None compids=''
B hp 1473: spectral=None compids=''
B hp 7818: spectral=None compids=''
B hp 7513: spectral=None compids=''
B hp 5434: spectral=None compids='A'
B hp 7719: spectral=None compids=''
B hp 117221: spectral=None compids='A'
B hp 6813: spectral=None compids=''
C screenshot exists: True
D SKIPPED: no sampled HP produced a Spectral Type line
E shutdown requested
