farm ready: /tmp/b3_farm/.spacecrafter
--- launch base (moon/terrain) ---
--- launch sph (moon/terrain) ---
Moon dist 11534.7 km  halfFov meas 0.170433 nominal 0.174533
ok:   P0 Moon drawn unscaled: scaledDatumRadius 1737.40 km
ok:   P0 Moon in the declared ray regime: distance 11534.7 km in [2R, 64R] = [3475, 111194] km
ok:   P0 module set as declared (['MESH', 'AXIS', 'HINT', 'ORBIT']), ATMOSPHERE present=False
FAIL: P1 nadir centre luma 3.1 - parent absent or unlit
[Slift20] r=20.0 alt=150.0 lon=127.109 pred_cap[terrain]=[20.0, 20.0, 20.0, 20.0]km (29.4-29.4px@fov10)  MEASURED wide.changed=0 eqR=0.0px  zoom.changed=0 eqR=0.0px  shadowbox.dark=0
[Sb20] r=20.0 alt=0.0 lon=132.056 pred_cap[terrain]=[0.0, 0.0, 0.0, 0.0]km (0.0-0.0px@fov10)  MEASURED wide.changed=0 eqR=0.0px  zoom.changed=0 eqR=0.0px  shadowbox.dark=0
[Sb30] r=30.0 alt=0.0 lon=135.024 pred_cap[terrain]=[20.56, 19.77, 19.74, 20.5]km (28.9-30.1px@fov10)  MEASURED wide.changed=0 eqR=0.0px  zoom.changed=0 eqR=0.0px  shadowbox.dark=0
[Sb45] r=45.0 alt=0.0 lon=138.981 pred_cap[terrain]=[40.99, 39.74, 38.5, 38.47]km (56.4-60.1px@fov10)  MEASURED wide.changed=0 eqR=0.0px  zoom.changed=0 eqR=0.0px  shadowbox.dark=0
[Sb90] r=90.0 alt=0.0 lon=144.917 pred_cap[terrain]=[88.21, 88.25, 87.81, 86.78]km (127.0-129.2px@fov10)  MEASURED wide.changed=0 eqR=0.0px  zoom.changed=0 eqR=0.0px  shadowbox.dark=0
[Sb250] r=250.0 alt=0.0 lon=157.778 pred_cap[terrain]=[249.96, 250.0, 250.0, 249.91]km (356.9-357.0px@fov10)  MEASURED wide.changed=0 eqR=0.0px  zoom.changed=0 eqR=0.0px  shadowbox.dark=0
FAIL: A0dist Slift20: observer->body 13505.4 km != predicted 7911.5 km - the `moveto lon` <-> `orbit_lon` calibration (nadir = 180 - L) no longer holds; every geometric prediction is void
FAIL: A0 Slift20: site not lit (baseline luma 3.3 < 30) - the ladder needs a lit site
FAIL: A0dist Sb20: observer->body 13355.8 km != predicted 8021.8 km - the `moveto lon` <-> `orbit_lon` calibration (nadir = 180 - L) no longer holds; every geometric prediction is void
FAIL: A0 Sb20: site not lit (baseline luma 3.6 < 30) - the ladder needs a lit site
FAIL: A0dist Sb30: observer->body 13350.6 km != predicted 8009.0 km - the `moveto lon` <-> `orbit_lon` calibration (nadir = 180 - L) no longer holds; every geometric prediction is void
FAIL: A0 Sb30: site not lit (baseline luma 4.0 < 30) - the ladder needs a lit site
FAIL: A0dist Sb45: observer->body 13337.3 km != predicted 8000.6 km - the `moveto lon` <-> `orbit_lon` calibration (nadir = 180 - L) no longer holds; every geometric prediction is void
FAIL: A0 Sb45: site not lit (baseline luma 4.6 < 30) - the ladder needs a lit site
FAIL: A0dist Sb90: observer->body 13304.0 km != predicted 8006.9 km - the `moveto lon` <-> `orbit_lon` calibration (nadir = 180 - L) no longer holds; every geometric prediction is void
FAIL: A0 Sb90: site not lit (baseline luma 2.3 < 30) - the ladder needs a lit site
FAIL: A0dist Sb250: observer->body 13178.0 km != predicted 8097.0 km - the `moveto lon` <-> `orbit_lon` calibration (nadir = 180 - L) no longer holds; every geometric prediction is void
FAIL: A0 Sb250: site not lit (baseline luma 3.3 < 30) - the ladder needs a lit site
FAIL: lift20: predicted cap radius 29.4-29.4 px, measured 0.0 px (0 px) - 20% band
ok:   b20: predicted INVISIBLE (cap [0.0, 0.0, 0.0, 0.0] km) - measured 0 changed px (bound 40)
FAIL: b30: predicted cap radius 28.9-30.1 px, measured 0.0 px (0 px) - 20% band
FAIL: b45: predicted cap radius 56.4-60.1 px, measured 0.0 px (0 px) - 20% band
FAIL: b90: predicted cap radius 127.0-129.2 px, measured 0.0 px (0 px) - 20% band
FAIL: b250: predicted cap radius 356.9-357.0 px, measured 0.0 px (0 px) - 20% band
FAIL: b20: shadow witness 0 dark px in the wide box (loaded/lit/placed while its colour draw is depth-killed)

19 FAILURES -> b3_ladder_moon_terrain.json
config/ssystem md5 in=out OK
